// Jest Snapshot v1, https://goo.gl/fbAQLP

exports[`ProductDescription component Test render correctly 1`] = `
<div>
  <h1
    className="ProductDescription__Highlights-sc-1xj5pwi-2 fgyiTF"
  >
    product highlights
  </h1>
  <ul
    className="ProductDescription__List-sc-1xj5pwi-0 gnVBWn"
  >
    <li
      className="ProductDescription__Item-sc-1xj5pwi-1 AFuDf"
    >
      Feature 1
    </li>
    <li
      className="ProductDescription__Item-sc-1xj5pwi-1 AFuDf"
    >
      Feature 2
    </li>
  </ul>
</div>
`;
